Release the possums!!!
Release 5 MILLION possums!!!
