
<h1>Dynamically generated from a custom key</h1>

<p>a custom key</p>
