<!DOCTYPE html>
<html lang="en">
<head>
	<meta charset="UTF-8">
	<meta name="viewport" content="width=device-width, initial-scale=1.0">
	<title>Document</title>
</head>
<body>
	
	<main>
	
		
		
		<section>
			<h1>1</h1>
			<p>This is section 1</p>
		</section>
	
		
		
		<section>
			<h1>2</h1>
			<p>This is section 2</p>
		</section>
	
		
		
		<section>
			<h1>3</h1>
			<p>This is section 3</p>
		</section>
	
		
		
		<section>
			<h1>4</h1>
			<p>This is section 4</p>
		</section>
	
		
		
			Section 5 is next!!
		
		<section>
			<h1>5</h1>
			<p>This is section 5</p>
		</section>
	
		
		
		<section>
			<h1>6</h1>
			<p>This is section 6</p>
		</section>
	
		
		
		<section>
			<h1>7</h1>
			<p>This is section 7</p>
		</section>
	
		
		
		<section>
			<h1>8</h1>
			<p>This is section 8</p>
		</section>
	
		
		
		<section>
			<h1>9</h1>
			<p>This is section 9</p>
		</section>
	
		
		
		<section>
			<h1>10</h1>
			<p>This is section 10</p>
		</section>
	
	{{ tag 'hello' }}
	</main>
</body>
</html>
