
Raw: &lt;h1&gt;Hello world!&lt;h1&gt;

Unescaped: <h1>Hello world!<h1>
