<span class="letter">a</span>
<span class="stringletter">b</span>
<span class="letter">c</span>
<span class="stringletter">d</span>
<span class="letter">e</span>
