<!doctype html>
<html lang="en">
	<head>
		<meta charset="UTF-8" />
		<meta name="viewport" content="width=device-width, initial-scale=1.0" />
		<title>Nested Page</title>
	</head>
	<body>
		<header>
			<h1>Page title: Nested Page</h1>
		</header>
		<main>
This content lives at `/page/at/nested/permalink/`
</main>
		<footer>
			<p>I am a footer, outside the layout</p>
		</footer>
	</body>
</html>
