Shortcode call with filter:
RELEASE THE POSSUMS!!!

Shortcode call with argument and filter:
RELEASE 5 MILLION POSSUMS!!!
RELEASE 100 POSSUMS!!!

Shortcode call with different data types and filter:
TRUE

Shortcode call with page data and filter:
PAGE MATCHED

