<section class="some-class">

	Plaintext content

	Release 5 million possums!!!
	Release 15 million possums!!!
	Release 50 million possums!!!

	<pre class="code-block"><code class="lang-js">
		const text = 'This is some js code.';
	</code></pre>

	<section class="another-class">
		Some content
	</section>

	More plaintext content.

	<section>
		A third section, no class here though.
		<section>
			Sub-sub-section
		</section>
	</section>

	<section>
		ALL THE CAPITAL LETTERS!!
	</section>

</section>
