<!doctype html>
<html>
	<head><title>Nested Page</title></head>
	<body>
		<header>
			<h1>Page title: Nested Page</h1>
			</header>
		<main>
This content lives at `/page/at/nested/permalink/`
</main>
		<footer>
			<p>Page footer</p>
		</footer>
	</body>
</html>
