<!doctype html>
<html>
	<head><title>Root page</title></head>
	<body>
		<header>
			<h1>Page title: Root page</h1>
			</header>
		<main>
This should render on the homepage.
</main>
		<footer>
			<p>Page footer</p>
		</footer>
	</body>
</html>
